Archive member included because of file (symbol)

d:/study/1- embedded system/00-tools/03-imt sdk/03- imt sdk/imt_sdk_win_64/winavr/bin/../lib/gcc/avr/4.3.3/avr5\libgcc.a(_divmodhi4.o)
                              ./lcd_programme.o (__divmodhi4)
d:/study/1- embedded system/00-tools/03-imt sdk/03- imt sdk/imt_sdk_win_64/winavr/bin/../lib/gcc/avr/4.3.3/avr5\libgcc.a(_exit.o)
                              d:/study/1- embedded system/00-tools/03-imt sdk/03- imt sdk/imt_sdk_win_64/winavr/bin/../lib/gcc/avr/4.3.3/../../../../avr/lib/avr5/crtm32.o (exit)
d:/study/1- embedded system/00-tools/03-imt sdk/03- imt sdk/imt_sdk_win_64/winavr/bin/../lib/gcc/avr/4.3.3/avr5\libgcc.a(_copy_data.o)
                              ./RTOS_STAck/tasks.o (__do_copy_data)
d:/study/1- embedded system/00-tools/03-imt sdk/03- imt sdk/imt_sdk_win_64/winavr/bin/../lib/gcc/avr/4.3.3/avr5\libgcc.a(_clear_bss.o)
                              ./RTOS_STAck/croutine.o (__do_clear_bss)
d:/study/1- embedded system/00-tools/03-imt sdk/03- imt sdk/imt_sdk_win_64/winavr/bin/../lib/gcc/avr/4.3.3/avr5\libgcc.a(_fixunssfsi.o)
                              ./lcd_programme.o (__fixunssfsi)
d:/study/1- embedded system/00-tools/03-imt sdk/03- imt sdk/imt_sdk_win_64/winavr/bin/../lib/gcc/avr/4.3.3/avr5\libgcc.a(_addsub_sf.o)
                              d:/study/1- embedded system/00-tools/03-imt sdk/03- imt sdk/imt_sdk_win_64/winavr/bin/../lib/gcc/avr/4.3.3/avr5\libgcc.a(_fixunssfsi.o) (__subsf3)
d:/study/1- embedded system/00-tools/03-imt sdk/03- imt sdk/imt_sdk_win_64/winavr/bin/../lib/gcc/avr/4.3.3/avr5\libgcc.a(_mul_sf.o)
                              ./lcd_programme.o (__mulsf3)
d:/study/1- embedded system/00-tools/03-imt sdk/03- imt sdk/imt_sdk_win_64/winavr/bin/../lib/gcc/avr/4.3.3/avr5\libgcc.a(_div_sf.o)
                              ./lcd_programme.o (__divsf3)
d:/study/1- embedded system/00-tools/03-imt sdk/03- imt sdk/imt_sdk_win_64/winavr/bin/../lib/gcc/avr/4.3.3/avr5\libgcc.a(_gt_sf.o)
                              ./lcd_programme.o (__gtsf2)
d:/study/1- embedded system/00-tools/03-imt sdk/03- imt sdk/imt_sdk_win_64/winavr/bin/../lib/gcc/avr/4.3.3/avr5\libgcc.a(_ge_sf.o)
                              d:/study/1- embedded system/00-tools/03-imt sdk/03- imt sdk/imt_sdk_win_64/winavr/bin/../lib/gcc/avr/4.3.3/avr5\libgcc.a(_fixunssfsi.o) (__gesf2)
d:/study/1- embedded system/00-tools/03-imt sdk/03- imt sdk/imt_sdk_win_64/winavr/bin/../lib/gcc/avr/4.3.3/avr5\libgcc.a(_lt_sf.o)
                              ./lcd_programme.o (__ltsf2)
d:/study/1- embedded system/00-tools/03-imt sdk/03- imt sdk/imt_sdk_win_64/winavr/bin/../lib/gcc/avr/4.3.3/avr5\libgcc.a(_sf_to_si.o)
                              d:/study/1- embedded system/00-tools/03-imt sdk/03- imt sdk/imt_sdk_win_64/winavr/bin/../lib/gcc/avr/4.3.3/avr5\libgcc.a(_fixunssfsi.o) (__fixsfsi)
d:/study/1- embedded system/00-tools/03-imt sdk/03- imt sdk/imt_sdk_win_64/winavr/bin/../lib/gcc/avr/4.3.3/avr5\libgcc.a(_thenan_sf.o)
                              d:/study/1- embedded system/00-tools/03-imt sdk/03- imt sdk/imt_sdk_win_64/winavr/bin/../lib/gcc/avr/4.3.3/avr5\libgcc.a(_addsub_sf.o) (__thenan_sf)
d:/study/1- embedded system/00-tools/03-imt sdk/03- imt sdk/imt_sdk_win_64/winavr/bin/../lib/gcc/avr/4.3.3/avr5\libgcc.a(_udivmodhi4.o)
                              d:/study/1- embedded system/00-tools/03-imt sdk/03- imt sdk/imt_sdk_win_64/winavr/bin/../lib/gcc/avr/4.3.3/avr5\libgcc.a(_divmodhi4.o) (__udivmodhi4)
d:/study/1- embedded system/00-tools/03-imt sdk/03- imt sdk/imt_sdk_win_64/winavr/bin/../lib/gcc/avr/4.3.3/avr5\libgcc.a(_prologue.o)
                              d:/study/1- embedded system/00-tools/03-imt sdk/03- imt sdk/imt_sdk_win_64/winavr/bin/../lib/gcc/avr/4.3.3/avr5\libgcc.a(_addsub_sf.o) (__prologue_saves__)
d:/study/1- embedded system/00-tools/03-imt sdk/03- imt sdk/imt_sdk_win_64/winavr/bin/../lib/gcc/avr/4.3.3/avr5\libgcc.a(_epilogue.o)
                              d:/study/1- embedded system/00-tools/03-imt sdk/03- imt sdk/imt_sdk_win_64/winavr/bin/../lib/gcc/avr/4.3.3/avr5\libgcc.a(_addsub_sf.o) (__epilogue_restores__)
d:/study/1- embedded system/00-tools/03-imt sdk/03- imt sdk/imt_sdk_win_64/winavr/bin/../lib/gcc/avr/4.3.3/avr5\libgcc.a(_pack_sf.o)
                              d:/study/1- embedded system/00-tools/03-imt sdk/03- imt sdk/imt_sdk_win_64/winavr/bin/../lib/gcc/avr/4.3.3/avr5\libgcc.a(_addsub_sf.o) (__pack_f)
d:/study/1- embedded system/00-tools/03-imt sdk/03- imt sdk/imt_sdk_win_64/winavr/bin/../lib/gcc/avr/4.3.3/avr5\libgcc.a(_unpack_sf.o)
                              d:/study/1- embedded system/00-tools/03-imt sdk/03- imt sdk/imt_sdk_win_64/winavr/bin/../lib/gcc/avr/4.3.3/avr5\libgcc.a(_addsub_sf.o) (__unpack_f)
d:/study/1- embedded system/00-tools/03-imt sdk/03- imt sdk/imt_sdk_win_64/winavr/bin/../lib/gcc/avr/4.3.3/avr5\libgcc.a(_fpcmp_parts_sf.o)
                              d:/study/1- embedded system/00-tools/03-imt sdk/03- imt sdk/imt_sdk_win_64/winavr/bin/../lib/gcc/avr/4.3.3/avr5\libgcc.a(_gt_sf.o) (__fpcmp_parts_f)
d:/study/1- embedded system/00-tools/03-imt sdk/03- imt sdk/imt_sdk_win_64/winavr/bin/../lib/gcc/avr/4.3.3/../../../../avr/lib/avr5\libc.a(memcpy.o)
                              ./RTOS_STAck/queue.o (memcpy)
d:/study/1- embedded system/00-tools/03-imt sdk/03- imt sdk/imt_sdk_win_64/winavr/bin/../lib/gcc/avr/4.3.3/../../../../avr/lib/avr5\libc.a(memset.o)
                              ./RTOS_STAck/tasks.o (memset)
d:/study/1- embedded system/00-tools/03-imt sdk/03- imt sdk/imt_sdk_win_64/winavr/bin/../lib/gcc/avr/4.3.3/../../../../avr/lib/avr5\libc.a(strlen.o)
                              ./lcd_programme.o (strlen)
d:/study/1- embedded system/00-tools/03-imt sdk/03- imt sdk/imt_sdk_win_64/winavr/bin/../lib/gcc/avr/4.3.3/../../../../avr/lib/avr5\libc.a(strncpy.o)
                              ./RTOS_STAck/tasks.o (strncpy)

Allocating common symbols
Common symbol       size              file

QueueName           0x2               ./main.o

Memory Configuration

Name             Origin             Length             Attributes
text             0x00000000         0x00020000         xr
data             0x00800060         0x0000ffa0         rw !x
eeprom           0x00810000         0x00010000         rw !x
fuse             0x00820000         0x00000400         rw !x
lock             0x00830000         0x00000400         rw !x
signature        0x00840000         0x00000400         rw !x
*default*        0x00000000         0xffffffff

Linker script and memory map

LOAD d:/study/1- embedded system/00-tools/03-imt sdk/03- imt sdk/imt_sdk_win_64/winavr/bin/../lib/gcc/avr/4.3.3/../../../../avr/lib/avr5/crtm32.o
LOAD ./RTOS_STAck/croutine.o
LOAD ./RTOS_STAck/heap_1.o
LOAD ./RTOS_STAck/list.o
LOAD ./RTOS_STAck/port.o
LOAD ./RTOS_STAck/queue.o
LOAD ./RTOS_STAck/tasks.o
LOAD ./RTOS_STAck/timers.o
LOAD ./Keypad.o
LOAD ./lcd_programme.o
LOAD ./main.o
LOAD ./programme file.o
LOAD d:/study/1- embedded system/00-tools/03-imt sdk/03- imt sdk/imt_sdk_win_64/winavr/bin/../lib/gcc/avr/4.3.3/avr5\libgcc.a
LOAD d:/study/1- embedded system/00-tools/03-imt sdk/03- imt sdk/imt_sdk_win_64/winavr/bin/../lib/gcc/avr/4.3.3/../../../../avr/lib/avr5\libc.a
LOAD d:/study/1- embedded system/00-tools/03-imt sdk/03- imt sdk/imt_sdk_win_64/winavr/bin/../lib/gcc/avr/4.3.3/avr5\libgcc.a

.hash
 *(.hash)

.dynsym
 *(.dynsym)

.dynstr
 *(.dynstr)

.gnu.version
 *(.gnu.version)

.gnu.version_d
 *(.gnu.version_d)

.gnu.version_r
 *(.gnu.version_r)

.rel.init
 *(.rel.init)

.rela.init
 *(.rela.init)

.rel.text
 *(.rel.text)
 *(.rel.text.*)
 *(.rel.gnu.linkonce.t*)

.rela.text
 *(.rela.text)
 *(.rela.text.*)
 *(.rela.gnu.linkonce.t*)

.rel.fini
 *(.rel.fini)

.rela.fini
 *(.rela.fini)

.rel.rodata
 *(.rel.rodata)
 *(.rel.rodata.*)
 *(.rel.gnu.linkonce.r*)

.rela.rodata
 *(.rela.rodata)
 *(.rela.rodata.*)
 *(.rela.gnu.linkonce.r*)

.rel.data
 *(.rel.data)
 *(.rel.data.*)
 *(.rel.gnu.linkonce.d*)

.rela.data
 *(.rela.data)
 *(.rela.data.*)
 *(.rela.gnu.linkonce.d*)

.rel.ctors
 *(.rel.ctors)

.rela.ctors
 *(.rela.ctors)

.rel.dtors
 *(.rel.dtors)

.rela.dtors
 *(.rela.dtors)

.rel.got
 *(.rel.got)

.rela.got
 *(.rela.got)

.rel.bss
 *(.rel.bss)

.rela.bss
 *(.rela.bss)

.rel.plt
 *(.rel.plt)

.rela.plt
 *(.rela.plt)

.text           0x00000000     0x4c9e
 *(.vectors)
 .vectors       0x00000000       0x54 d:/study/1- embedded system/00-tools/03-imt sdk/03- imt sdk/imt_sdk_win_64/winavr/bin/../lib/gcc/avr/4.3.3/../../../../avr/lib/avr5/crtm32.o
                0x00000000                __vectors
                0x00000000                __vector_default
 *(.vectors)
 *(.progmem.gcc*)
 *(.progmem*)
                0x00000054                . = ALIGN (0x2)
                0x00000054                __trampolines_start = .
 *(.trampolines)
 .trampolines   0x00000054        0x0 linker stubs
 *(.trampolines*)
                0x00000054                __trampolines_end = .
 *(.jumptables)
 *(.jumptables*)
 *(.lowtext)
 *(.lowtext*)
                0x00000054                __ctors_start = .
 *(.ctors)
                0x00000054                __ctors_end = .
                0x00000054                __dtors_start = .
 *(.dtors)
                0x00000054                __dtors_end = .
 SORT(*)(.ctors)
 SORT(*)(.dtors)
 *(.init0)
 .init0         0x00000054        0x0 d:/study/1- embedded system/00-tools/03-imt sdk/03- imt sdk/imt_sdk_win_64/winavr/bin/../lib/gcc/avr/4.3.3/../../../../avr/lib/avr5/crtm32.o
                0x00000054                __init
 *(.init0)
 *(.init1)
 *(.init1)
 *(.init2)
 .init2         0x00000054        0xc d:/study/1- embedded system/00-tools/03-imt sdk/03- imt sdk/imt_sdk_win_64/winavr/bin/../lib/gcc/avr/4.3.3/../../../../avr/lib/avr5/crtm32.o
 *(.init2)
 *(.init3)
 *(.init3)
 *(.init4)
 .init4         0x00000060       0x16 d:/study/1- embedded system/00-tools/03-imt sdk/03- imt sdk/imt_sdk_win_64/winavr/bin/../lib/gcc/avr/4.3.3/avr5\libgcc.a(_copy_data.o)
                0x00000060                __do_copy_data
 .init4         0x00000076       0x10 d:/study/1- embedded system/00-tools/03-imt sdk/03- imt sdk/imt_sdk_win_64/winavr/bin/../lib/gcc/avr/4.3.3/avr5\libgcc.a(_clear_bss.o)
                0x00000076                __do_clear_bss
 *(.init4)
 *(.init5)
 *(.init5)
 *(.init6)
 *(.init6)
 *(.init7)
 *(.init7)
 *(.init8)
 *(.init8)
 *(.init9)
 .init9         0x00000086        0x8 d:/study/1- embedded system/00-tools/03-imt sdk/03- imt sdk/imt_sdk_win_64/winavr/bin/../lib/gcc/avr/4.3.3/../../../../avr/lib/avr5/crtm32.o
 *(.init9)
 *(.text)
 .text          0x0000008e        0x4 d:/study/1- embedded system/00-tools/03-imt sdk/03- imt sdk/imt_sdk_win_64/winavr/bin/../lib/gcc/avr/4.3.3/../../../../avr/lib/avr5/crtm32.o
                0x0000008e                __vector_1
                0x0000008e                __vector_12
                0x0000008e                __bad_interrupt
                0x0000008e                __vector_6
                0x0000008e                __vector_3
                0x0000008e                __vector_11
                0x0000008e                __vector_13
                0x0000008e                __vector_17
                0x0000008e                __vector_19
                0x0000008e                __vector_5
                0x0000008e                __vector_4
                0x0000008e                __vector_9
                0x0000008e                __vector_2
                0x0000008e                __vector_15
                0x0000008e                __vector_8
                0x0000008e                __vector_14
                0x0000008e                __vector_10
                0x0000008e                __vector_16
                0x0000008e                __vector_18
                0x0000008e                __vector_20
 .text          0x00000092        0x0 ./RTOS_STAck/croutine.o
 .text          0x00000092        0x0 ./RTOS_STAck/heap_1.o
 .text          0x00000092        0x0 ./RTOS_STAck/list.o
 .text          0x00000092        0x0 ./RTOS_STAck/port.o
 .text          0x00000092        0x0 ./RTOS_STAck/queue.o
 .text          0x00000092        0x0 ./RTOS_STAck/tasks.o
 .text          0x00000092        0x0 ./RTOS_STAck/timers.o
 .text          0x00000092        0x0 ./Keypad.o
 .text          0x00000092        0x0 ./lcd_programme.o
 .text          0x00000092        0x0 ./main.o
 .text          0x00000092        0x0 ./programme file.o
 .text          0x00000092        0x0 d:/study/1- embedded system/00-tools/03-imt sdk/03- imt sdk/imt_sdk_win_64/winavr/bin/../lib/gcc/avr/4.3.3/avr5\libgcc.a(_divmodhi4.o)
 .text          0x00000092        0x0 d:/study/1- embedded system/00-tools/03-imt sdk/03- imt sdk/imt_sdk_win_64/winavr/bin/../lib/gcc/avr/4.3.3/avr5\libgcc.a(_exit.o)
 .text          0x00000092        0x0 d:/study/1- embedded system/00-tools/03-imt sdk/03- imt sdk/imt_sdk_win_64/winavr/bin/../lib/gcc/avr/4.3.3/avr5\libgcc.a(_copy_data.o)
 .text          0x00000092        0x0 d:/study/1- embedded system/00-tools/03-imt sdk/03- imt sdk/imt_sdk_win_64/winavr/bin/../lib/gcc/avr/4.3.3/avr5\libgcc.a(_clear_bss.o)
 .text          0x00000092       0x58 d:/study/1- embedded system/00-tools/03-imt sdk/03- imt sdk/imt_sdk_win_64/winavr/bin/../lib/gcc/avr/4.3.3/avr5\libgcc.a(_fixunssfsi.o)
                0x00000092                __fixunssfsi
 .text          0x000000ea      0x354 d:/study/1- embedded system/00-tools/03-imt sdk/03- imt sdk/imt_sdk_win_64/winavr/bin/../lib/gcc/avr/4.3.3/avr5\libgcc.a(_addsub_sf.o)
                0x00000382                __subsf3
                0x000003e4                __addsf3
 .text          0x0000043e      0x1f4 d:/study/1- embedded system/00-tools/03-imt sdk/03- imt sdk/imt_sdk_win_64/winavr/bin/../lib/gcc/avr/4.3.3/avr5\libgcc.a(_mul_sf.o)
                0x0000043e                __mulsf3
 .text          0x00000632      0x158 d:/study/1- embedded system/00-tools/03-imt sdk/03- imt sdk/imt_sdk_win_64/winavr/bin/../lib/gcc/avr/4.3.3/avr5\libgcc.a(_div_sf.o)
                0x00000632                __divsf3
 .text          0x0000078a       0x60 d:/study/1- embedded system/00-tools/03-imt sdk/03- imt sdk/imt_sdk_win_64/winavr/bin/../lib/gcc/avr/4.3.3/avr5\libgcc.a(_gt_sf.o)
                0x0000078a                __gtsf2
 .text          0x000007ea       0x60 d:/study/1- embedded system/00-tools/03-imt sdk/03- imt sdk/imt_sdk_win_64/winavr/bin/../lib/gcc/avr/4.3.3/avr5\libgcc.a(_ge_sf.o)
                0x000007ea                __gesf2
 .text          0x0000084a       0x60 d:/study/1- embedded system/00-tools/03-imt sdk/03- imt sdk/imt_sdk_win_64/winavr/bin/../lib/gcc/avr/4.3.3/avr5\libgcc.a(_lt_sf.o)
                0x0000084a                __ltsf2
 .text          0x000008aa       0xa8 d:/study/1- embedded system/00-tools/03-imt sdk/03- imt sdk/imt_sdk_win_64/winavr/bin/../lib/gcc/avr/4.3.3/avr5\libgcc.a(_sf_to_si.o)
                0x000008aa                __fixsfsi
 .text          0x00000952        0x0 d:/study/1- embedded system/00-tools/03-imt sdk/03- imt sdk/imt_sdk_win_64/winavr/bin/../lib/gcc/avr/4.3.3/avr5\libgcc.a(_thenan_sf.o)
 .text          0x00000952        0x0 d:/study/1- embedded system/00-tools/03-imt sdk/03- imt sdk/imt_sdk_win_64/winavr/bin/../lib/gcc/avr/4.3.3/avr5\libgcc.a(_udivmodhi4.o)
 .text          0x00000952        0x0 d:/study/1- embedded system/00-tools/03-imt sdk/03- imt sdk/imt_sdk_win_64/winavr/bin/../lib/gcc/avr/4.3.3/avr5\libgcc.a(_prologue.o)
 .text          0x00000952        0x0 d:/study/1- embedded system/00-tools/03-imt sdk/03- imt sdk/imt_sdk_win_64/winavr/bin/../lib/gcc/avr/4.3.3/avr5\libgcc.a(_epilogue.o)
 .text          0x00000952      0x1aa d:/study/1- embedded system/00-tools/03-imt sdk/03- imt sdk/imt_sdk_win_64/winavr/bin/../lib/gcc/avr/4.3.3/avr5\libgcc.a(_pack_sf.o)
                0x00000952                __pack_f
 .text          0x00000afc       0xf0 d:/study/1- embedded system/00-tools/03-imt sdk/03- imt sdk/imt_sdk_win_64/winavr/bin/../lib/gcc/avr/4.3.3/avr5\libgcc.a(_unpack_sf.o)
                0x00000afc                __unpack_f
 .text          0x00000bec       0xb2 d:/study/1- embedded system/00-tools/03-imt sdk/03- imt sdk/imt_sdk_win_64/winavr/bin/../lib/gcc/avr/4.3.3/avr5\libgcc.a(_fpcmp_parts_sf.o)
                0x00000bec                __fpcmp_parts_f
 .text          0x00000c9e        0x0 d:/study/1- embedded system/00-tools/03-imt sdk/03- imt sdk/imt_sdk_win_64/winavr/bin/../lib/gcc/avr/4.3.3/../../../../avr/lib/avr5\libc.a(memcpy.o)
 .text          0x00000c9e        0x0 d:/study/1- embedded system/00-tools/03-imt sdk/03- imt sdk/imt_sdk_win_64/winavr/bin/../lib/gcc/avr/4.3.3/../../../../avr/lib/avr5\libc.a(memset.o)
 .text          0x00000c9e        0x0 d:/study/1- embedded system/00-tools/03-imt sdk/03- imt sdk/imt_sdk_win_64/winavr/bin/../lib/gcc/avr/4.3.3/../../../../avr/lib/avr5\libc.a(strlen.o)
 .text          0x00000c9e        0x0 d:/study/1- embedded system/00-tools/03-imt sdk/03- imt sdk/imt_sdk_win_64/winavr/bin/../lib/gcc/avr/4.3.3/../../../../avr/lib/avr5\libc.a(strncpy.o)
                0x00000c9e                . = ALIGN (0x2)
 *(.text.*)
 .text.xCoRoutineCreate
                0x00000c9e      0x128 ./RTOS_STAck/croutine.o
                0x00000c9e                xCoRoutineCreate
 .text.vCoRoutineAddToDelayedList
                0x00000dc6       0xc2 ./RTOS_STAck/croutine.o
                0x00000dc6                vCoRoutineAddToDelayedList
 .text.prvCheckPendingReadyList
                0x00000e88       0x94 ./RTOS_STAck/croutine.o
 .text.prvCheckDelayedList
                0x00000f1c      0x15c ./RTOS_STAck/croutine.o
 .text.vCoRoutineSchedule
                0x00001078       0xf4 ./RTOS_STAck/croutine.o
                0x00001078                vCoRoutineSchedule
 .text.prvInitialiseCoRoutineLists
                0x0000116c       0x72 ./RTOS_STAck/croutine.o
 .text.xCoRoutineRemoveFromEventList
                0x000011de       0x70 ./RTOS_STAck/croutine.o
                0x000011de                xCoRoutineRemoveFromEventList
 .text.pvPortMalloc
                0x0000124e       0x8c ./RTOS_STAck/heap_1.o
                0x0000124e                pvPortMalloc
 .text.vPortFree
                0x000012da       0x18 ./RTOS_STAck/heap_1.o
                0x000012da                vPortFree
 .text.vPortInitialiseBlocks
                0x000012f2       0x16 ./RTOS_STAck/heap_1.o
                0x000012f2                vPortInitialiseBlocks
 .text.xPortGetFreeHeapSize
                0x00001308       0x1e ./RTOS_STAck/heap_1.o
                0x00001308                xPortGetFreeHeapSize
 .text.vListInitialise
                0x00001326       0x54 ./RTOS_STAck/list.o
                0x00001326                vListInitialise
 .text.vListInitialiseItem
                0x0000137a       0x20 ./RTOS_STAck/list.o
                0x0000137a                vListInitialiseItem
 .text.vListInsertEnd
                0x0000139a       0x98 ./RTOS_STAck/list.o
                0x0000139a                vListInsertEnd
 .text.vListInsert
                0x00001432       0xd8 ./RTOS_STAck/list.o
                0x00001432                vListInsert
 .text.vListRemove
                0x0000150a       0x92 ./RTOS_STAck/list.o
                0x0000150a                vListRemove
 .text.pxPortInitialiseStack
                0x0000159c      0x306 ./RTOS_STAck/port.o
                0x0000159c                pxPortInitialiseStack
 .text.xPortStartScheduler
                0x000018a2       0x6a ./RTOS_STAck/port.o
                0x000018a2                xPortStartScheduler
 .text.vPortEndScheduler
                0x0000190c        0xe ./RTOS_STAck/port.o
                0x0000190c                vPortEndScheduler
 .text.vPortYield
                0x0000191a       0xb2 ./RTOS_STAck/port.o
                0x0000191a                vPortYield
 .text.vPortYieldFromTick
                0x000019cc       0xb6 ./RTOS_STAck/port.o
                0x000019cc                vPortYieldFromTick
 .text.prvSetupTimerInterrupt
                0x00001a82       0xb8 ./RTOS_STAck/port.o
 .text.__vector_7
                0x00001b3a        0x6 ./RTOS_STAck/port.o
                0x00001b3a                __vector_7
 .text.xQueueCreate
                0x00001b40      0x152 ./RTOS_STAck/queue.o
                0x00001b40                xQueueCreate
 .text.xQueueGenericSend
                0x00001c92      0x13c ./RTOS_STAck/queue.o
                0x00001c92                xQueueGenericSend
 .text.xQueueGenericSendFromISR
                0x00001dce       0x9a ./RTOS_STAck/queue.o
                0x00001dce                xQueueGenericSendFromISR
 .text.xQueueGenericReceive
                0x00001e68      0x180 ./RTOS_STAck/queue.o
                0x00001e68                xQueueGenericReceive
 .text.xQueueReceiveFromISR
                0x00001fe8       0x9e ./RTOS_STAck/queue.o
                0x00001fe8                xQueueReceiveFromISR
 .text.uxQueueMessagesWaiting
                0x00002086       0x30 ./RTOS_STAck/queue.o
                0x00002086                uxQueueMessagesWaiting
 .text.uxQueueMessagesWaitingFromISR
                0x000020b6       0x26 ./RTOS_STAck/queue.o
                0x000020b6                uxQueueMessagesWaitingFromISR
 .text.vQueueDelete
                0x000020dc       0x2c ./RTOS_STAck/queue.o
                0x000020dc                vQueueDelete
 .text.prvCopyDataToQueue
                0x00002108      0x12a ./RTOS_STAck/queue.o
 .text.prvCopyDataFromQueue
                0x00002232       0x90 ./RTOS_STAck/queue.o
 .text.prvUnlockQueue
                0x000022c2       0xa8 ./RTOS_STAck/queue.o
 .text.prvIsQueueEmpty
                0x0000236a       0x38 ./RTOS_STAck/queue.o
 .text.xQueueIsQueueEmptyFromISR
                0x000023a2       0x2e ./RTOS_STAck/queue.o
                0x000023a2                xQueueIsQueueEmptyFromISR
 .text.prvIsQueueFull
                0x000023d0       0x3e ./RTOS_STAck/queue.o
 .text.xQueueIsQueueFullFromISR
                0x0000240e       0x34 ./RTOS_STAck/queue.o
                0x0000240e                xQueueIsQueueFullFromISR
 .text.xTaskGenericCreate
                0x00002442      0x1da ./RTOS_STAck/tasks.o
                0x00002442                xTaskGenericCreate
 .text.vTaskDelete
                0x0000261c       0xc6 ./RTOS_STAck/tasks.o
                0x0000261c                vTaskDelete
 .text.vTaskDelayUntil
                0x000026e2       0xe8 ./RTOS_STAck/tasks.o
                0x000026e2                vTaskDelayUntil
 .text.vTaskDelay
                0x000027ca       0x6a ./RTOS_STAck/tasks.o
                0x000027ca                vTaskDelay
 .text.vTaskStartScheduler
                0x00002834       0x6e ./RTOS_STAck/tasks.o
                0x00002834                vTaskStartScheduler
 .text.vTaskEndScheduler
                0x000028a2       0x18 ./RTOS_STAck/tasks.o
                0x000028a2                vTaskEndScheduler
 .text.vTaskSuspendAll
                0x000028ba       0x18 ./RTOS_STAck/tasks.o
                0x000028ba                vTaskSuspendAll
 .text.xTaskResumeAll
                0x000028d2      0x114 ./RTOS_STAck/tasks.o
                0x000028d2                xTaskResumeAll
 .text.xTaskGetTickCount
                0x000029e6       0x2e ./RTOS_STAck/tasks.o
                0x000029e6                xTaskGetTickCount
 .text.xTaskGetTickCountFromISR
                0x00002a14       0x2a ./RTOS_STAck/tasks.o
                0x00002a14                xTaskGetTickCountFromISR
 .text.uxTaskGetNumberOfTasks
                0x00002a3e       0x12 ./RTOS_STAck/tasks.o
                0x00002a3e                uxTaskGetNumberOfTasks
 .text.vTaskIncrementTick
                0x00002a50      0x1aa ./RTOS_STAck/tasks.o
                0x00002a50                vTaskIncrementTick
 .text.vTaskSwitchContext
                0x00002bfa       0xcc ./RTOS_STAck/tasks.o
                0x00002bfa                vTaskSwitchContext
 .text.vTaskPlaceOnEventList
                0x00002cc6       0x6c ./RTOS_STAck/tasks.o
                0x00002cc6                vTaskPlaceOnEventList
 .text.xTaskRemoveFromEventList
                0x00002d32       0xd0 ./RTOS_STAck/tasks.o
                0x00002d32                xTaskRemoveFromEventList
 .text.vTaskSetTimeOutState
                0x00002e02       0x32 ./RTOS_STAck/tasks.o
                0x00002e02                vTaskSetTimeOutState
 .text.xTaskCheckForTimeOut
                0x00002e34       0xba ./RTOS_STAck/tasks.o
                0x00002e34                xTaskCheckForTimeOut
 .text.vTaskMissedYield
                0x00002eee       0x14 ./RTOS_STAck/tasks.o
                0x00002eee                vTaskMissedYield
 .text.prvIdleTask
                0x00002f02       0x14 ./RTOS_STAck/tasks.o
 .text.prvInitialiseTCBVariables
                0x00002f16       0xae ./RTOS_STAck/tasks.o
 .text.prvInitialiseTaskLists
                0x00002fc4       0x7a ./RTOS_STAck/tasks.o
 .text.prvCheckTasksWaitingTermination
                0x0000303e       0x7c ./RTOS_STAck/tasks.o
 .text.prvAddCurrentTaskToDelayedList
                0x000030ba       0x92 ./RTOS_STAck/tasks.o
 .text.prvAllocateTCBAndStack
                0x0000314c       0xa0 ./RTOS_STAck/tasks.o
 .text.prvDeleteTCB
                0x000031ec       0x2c ./RTOS_STAck/tasks.o
 .text.Keypad_Init
                0x00003218       0x66 ./Keypad.o
                0x00003218                Keypad_Init
 .text.KeypadGetPressed
                0x0000327e       0xbc ./Keypad.o
                0x0000327e                KeypadGetPressed
 .text.LCD_voidInitial
                0x0000333a      0x586 ./lcd_programme.o
                0x0000333a                LCD_voidInitial
 .text.LCD_voidSendCommend
                0x000038c0      0x1fa ./lcd_programme.o
                0x000038c0                LCD_voidSendCommend
 .text.LCD_voidSendChar
                0x00003aba      0x1fa ./lcd_programme.o
                0x00003aba                LCD_voidSendChar
 .text.LCD_voidSendStr
                0x00003cb4      0x142 ./lcd_programme.o
                0x00003cb4                LCD_voidSendStr
 .text.LCD_voidGoToXY
                0x00003df6       0x4e ./lcd_programme.o
                0x00003df6                LCD_voidGoToXY
 .text.LCD_voidClear
                0x00003e44      0x110 ./lcd_programme.o
                0x00003e44                LCD_voidClear
 .text.LCD_voidSpecialChar
                0x00003f54       0x4c ./lcd_programme.o
                0x00003f54                LCD_voidSpecialChar
 .text.LCD_voidShift
                0x00003fa0       0x48 ./lcd_programme.o
                0x00003fa0                LCD_voidShift
 .text.LCD_voidSendNum
                0x00003fe8      0x108 ./lcd_programme.o
                0x00003fe8                LCD_voidSendNum
 .text.main     0x000040f0       0xbc ./main.o
                0x000040f0                main
 .text.KeyPadTask
                0x000041ac       0x38 ./main.o
                0x000041ac                KeyPadTask
 .text.LCDTask  0x000041e4       0x52 ./main.o
                0x000041e4                LCDTask
 .text.DIO_u8IntialValue
                0x00004236       0x2c ./programme file.o
                0x00004236                DIO_u8IntialValue
 .text.DIO_u8IntialDirection
                0x00004262       0x2e ./programme file.o
                0x00004262                DIO_u8IntialDirection
 .text.DIO_u8SetPinDirection
                0x00004290      0x24e ./programme file.o
                0x00004290                DIO_u8SetPinDirection
 .text.DIO_u8SetPinValue
                0x000044de      0x24e ./programme file.o
                0x000044de                DIO_u8SetPinValue
 .text.DIO_u8GetPinValue
                0x0000472c      0x104 ./programme file.o
                0x0000472c                DIO_u8GetPinValue
 .text.DIO_u8SetPortDirection
                0x00004830      0x134 ./programme file.o
                0x00004830                DIO_u8SetPortDirection
 .text.DIO_u8SetPortValue
                0x00004964       0x96 ./programme file.o
                0x00004964                DIO_u8SetPortValue
 .text.DIO_u8GetPortValue
                0x000049fa       0xb4 ./programme file.o
                0x000049fa                DIO_u8GetPortValue
 .text.DIO_u8TogglePortValue
                0x00004aae       0xe0 ./programme file.o
                0x00004aae                DIO_u8TogglePortValue
 .text.libgcc   0x00004b8e       0x26 d:/study/1- embedded system/00-tools/03-imt sdk/03- imt sdk/imt_sdk_win_64/winavr/bin/../lib/gcc/avr/4.3.3/avr5\libgcc.a(_divmodhi4.o)
                0x00004b8e                __divmodhi4
                0x00004b8e                _div
 .text.libgcc   0x00004bb4        0x0 d:/study/1- embedded system/00-tools/03-imt sdk/03- imt sdk/imt_sdk_win_64/winavr/bin/../lib/gcc/avr/4.3.3/avr5\libgcc.a(_exit.o)
 .text.libgcc   0x00004bb4        0x0 d:/study/1- embedded system/00-tools/03-imt sdk/03- imt sdk/imt_sdk_win_64/winavr/bin/../lib/gcc/avr/4.3.3/avr5\libgcc.a(_copy_data.o)
 .text.libgcc   0x00004bb4        0x0 d:/study/1- embedded system/00-tools/03-imt sdk/03- imt sdk/imt_sdk_win_64/winavr/bin/../lib/gcc/avr/4.3.3/avr5\libgcc.a(_clear_bss.o)
 .text.libgcc   0x00004bb4       0x28 d:/study/1- embedded system/00-tools/03-imt sdk/03- imt sdk/imt_sdk_win_64/winavr/bin/../lib/gcc/avr/4.3.3/avr5\libgcc.a(_udivmodhi4.o)
                0x00004bb4                __udivmodhi4
 .text.libgcc   0x00004bdc       0x38 d:/study/1- embedded system/00-tools/03-imt sdk/03- imt sdk/imt_sdk_win_64/winavr/bin/../lib/gcc/avr/4.3.3/avr5\libgcc.a(_prologue.o)
                0x00004bdc                __prologue_saves__
 .text.libgcc   0x00004c14       0x36 d:/study/1- embedded system/00-tools/03-imt sdk/03- imt sdk/imt_sdk_win_64/winavr/bin/../lib/gcc/avr/4.3.3/avr5\libgcc.a(_epilogue.o)
                0x00004c14                __epilogue_restores__
 .text.avr-libc
                0x00004c4a       0x12 d:/study/1- embedded system/00-tools/03-imt sdk/03- imt sdk/imt_sdk_win_64/winavr/bin/../lib/gcc/avr/4.3.3/../../../../avr/lib/avr5\libc.a(memcpy.o)
                0x00004c4a                memcpy
 .text.avr-libc
                0x00004c5c        0xe d:/study/1- embedded system/00-tools/03-imt sdk/03- imt sdk/imt_sdk_win_64/winavr/bin/../lib/gcc/avr/4.3.3/../../../../avr/lib/avr5\libc.a(memset.o)
                0x00004c5c                memset
 .text.avr-libc
                0x00004c6a       0x12 d:/study/1- embedded system/00-tools/03-imt sdk/03- imt sdk/imt_sdk_win_64/winavr/bin/../lib/gcc/avr/4.3.3/../../../../avr/lib/avr5\libc.a(strlen.o)
                0x00004c6a                strlen
 .text.avr-libc
                0x00004c7c       0x1e d:/study/1- embedded system/00-tools/03-imt sdk/03- imt sdk/imt_sdk_win_64/winavr/bin/../lib/gcc/avr/4.3.3/../../../../avr/lib/avr5\libc.a(strncpy.o)
                0x00004c7c                strncpy
                0x00004c9a                . = ALIGN (0x2)
 *(.fini9)
 .fini9         0x00004c9a        0x0 d:/study/1- embedded system/00-tools/03-imt sdk/03- imt sdk/imt_sdk_win_64/winavr/bin/../lib/gcc/avr/4.3.3/avr5\libgcc.a(_exit.o)
                0x00004c9a                exit
                0x00004c9a                _exit
 *(.fini9)
 *(.fini8)
 *(.fini8)
 *(.fini7)
 *(.fini7)
 *(.fini6)
 *(.fini6)
 *(.fini5)
 *(.fini5)
 *(.fini4)
 *(.fini4)
 *(.fini3)
 *(.fini3)
 *(.fini2)
 *(.fini2)
 *(.fini1)
 *(.fini1)
 *(.fini0)
 .fini0         0x00004c9a        0x4 d:/study/1- embedded system/00-tools/03-imt sdk/03- imt sdk/imt_sdk_win_64/winavr/bin/../lib/gcc/avr/4.3.3/avr5\libgcc.a(_exit.o)
 *(.fini0)
                0x00004c9e                _etext = .

.data           0x00800060       0x66 load address 0x00004c9e
                0x00800060                PROVIDE (__data_start, .)
 *(.data)
 .data          0x00800060        0x0 d:/study/1- embedded system/00-tools/03-imt sdk/03- imt sdk/imt_sdk_win_64/winavr/bin/../lib/gcc/avr/4.3.3/../../../../avr/lib/avr5/crtm32.o
 .data          0x00800060        0x0 ./RTOS_STAck/croutine.o
 .data          0x00800060        0x0 ./RTOS_STAck/heap_1.o
 .data          0x00800060        0x0 ./RTOS_STAck/list.o
 .data          0x00800060        0x0 ./RTOS_STAck/port.o
 .data          0x00800060        0x0 ./RTOS_STAck/queue.o
 .data          0x00800060        0x5 ./RTOS_STAck/tasks.o
 .data          0x00800065        0x0 ./RTOS_STAck/timers.o
 .data          0x00800065        0x0 ./Keypad.o
 .data          0x00800065        0x0 ./lcd_programme.o
 .data          0x00800065       0x46 ./main.o
 .data          0x008000ab        0x0 ./programme file.o
 .data          0x008000ab        0x0 d:/study/1- embedded system/00-tools/03-imt sdk/03- imt sdk/imt_sdk_win_64/winavr/bin/../lib/gcc/avr/4.3.3/avr5\libgcc.a(_divmodhi4.o)
 .data          0x008000ab        0x0 d:/study/1- embedded system/00-tools/03-imt sdk/03- imt sdk/imt_sdk_win_64/winavr/bin/../lib/gcc/avr/4.3.3/avr5\libgcc.a(_exit.o)
 .data          0x008000ab        0x0 d:/study/1- embedded system/00-tools/03-imt sdk/03- imt sdk/imt_sdk_win_64/winavr/bin/../lib/gcc/avr/4.3.3/avr5\libgcc.a(_copy_data.o)
 .data          0x008000ab        0x0 d:/study/1- embedded system/00-tools/03-imt sdk/03- imt sdk/imt_sdk_win_64/winavr/bin/../lib/gcc/avr/4.3.3/avr5\libgcc.a(_clear_bss.o)
 .data          0x008000ab        0x0 d:/study/1- embedded system/00-tools/03-imt sdk/03- imt sdk/imt_sdk_win_64/winavr/bin/../lib/gcc/avr/4.3.3/avr5\libgcc.a(_fixunssfsi.o)
 .data          0x008000ab        0x0 d:/study/1- embedded system/00-tools/03-imt sdk/03- imt sdk/imt_sdk_win_64/winavr/bin/../lib/gcc/avr/4.3.3/avr5\libgcc.a(_addsub_sf.o)
 .data          0x008000ab        0x0 d:/study/1- embedded system/00-tools/03-imt sdk/03- imt sdk/imt_sdk_win_64/winavr/bin/../lib/gcc/avr/4.3.3/avr5\libgcc.a(_mul_sf.o)
 .data          0x008000ab        0x0 d:/study/1- embedded system/00-tools/03-imt sdk/03- imt sdk/imt_sdk_win_64/winavr/bin/../lib/gcc/avr/4.3.3/avr5\libgcc.a(_div_sf.o)
 .data          0x008000ab        0x0 d:/study/1- embedded system/00-tools/03-imt sdk/03- imt sdk/imt_sdk_win_64/winavr/bin/../lib/gcc/avr/4.3.3/avr5\libgcc.a(_gt_sf.o)
 .data          0x008000ab        0x0 d:/study/1- embedded system/00-tools/03-imt sdk/03- imt sdk/imt_sdk_win_64/winavr/bin/../lib/gcc/avr/4.3.3/avr5\libgcc.a(_ge_sf.o)
 .data          0x008000ab        0x0 d:/study/1- embedded system/00-tools/03-imt sdk/03- imt sdk/imt_sdk_win_64/winavr/bin/../lib/gcc/avr/4.3.3/avr5\libgcc.a(_lt_sf.o)
 .data          0x008000ab        0x0 d:/study/1- embedded system/00-tools/03-imt sdk/03- imt sdk/imt_sdk_win_64/winavr/bin/../lib/gcc/avr/4.3.3/avr5\libgcc.a(_sf_to_si.o)
 .data          0x008000ab        0x8 d:/study/1- embedded system/00-tools/03-imt sdk/03- imt sdk/imt_sdk_win_64/winavr/bin/../lib/gcc/avr/4.3.3/avr5\libgcc.a(_thenan_sf.o)
                0x008000ab                __thenan_sf
 .data          0x008000b3        0x0 d:/study/1- embedded system/00-tools/03-imt sdk/03- imt sdk/imt_sdk_win_64/winavr/bin/../lib/gcc/avr/4.3.3/avr5\libgcc.a(_udivmodhi4.o)
 .data          0x008000b3        0x0 d:/study/1- embedded system/00-tools/03-imt sdk/03- imt sdk/imt_sdk_win_64/winavr/bin/../lib/gcc/avr/4.3.3/avr5\libgcc.a(_prologue.o)
 .data          0x008000b3        0x0 d:/study/1- embedded system/00-tools/03-imt sdk/03- imt sdk/imt_sdk_win_64/winavr/bin/../lib/gcc/avr/4.3.3/avr5\libgcc.a(_epilogue.o)
 .data          0x008000b3        0x0 d:/study/1- embedded system/00-tools/03-imt sdk/03- imt sdk/imt_sdk_win_64/winavr/bin/../lib/gcc/avr/4.3.3/avr5\libgcc.a(_pack_sf.o)
 .data          0x008000b3        0x0 d:/study/1- embedded system/00-tools/03-imt sdk/03- imt sdk/imt_sdk_win_64/winavr/bin/../lib/gcc/avr/4.3.3/avr5\libgcc.a(_unpack_sf.o)
 .data          0x008000b3        0x0 d:/study/1- embedded system/00-tools/03-imt sdk/03- imt sdk/imt_sdk_win_64/winavr/bin/../lib/gcc/avr/4.3.3/avr5\libgcc.a(_fpcmp_parts_sf.o)
 .data          0x008000b3        0x0 d:/study/1- embedded system/00-tools/03-imt sdk/03- imt sdk/imt_sdk_win_64/winavr/bin/../lib/gcc/avr/4.3.3/../../../../avr/lib/avr5\libc.a(memcpy.o)
 .data          0x008000b3        0x0 d:/study/1- embedded system/00-tools/03-imt sdk/03- imt sdk/imt_sdk_win_64/winavr/bin/../lib/gcc/avr/4.3.3/../../../../avr/lib/avr5\libc.a(memset.o)
 .data          0x008000b3        0x0 d:/study/1- embedded system/00-tools/03-imt sdk/03- imt sdk/imt_sdk_win_64/winavr/bin/../lib/gcc/avr/4.3.3/../../../../avr/lib/avr5\libc.a(strlen.o)
 .data          0x008000b3        0x0 d:/study/1- embedded system/00-tools/03-imt sdk/03- imt sdk/imt_sdk_win_64/winavr/bin/../lib/gcc/avr/4.3.3/../../../../avr/lib/avr5\libc.a(strncpy.o)
 *(.data*)
 .data.xNextTaskUnblockTime
                0x008000b3        0x2 ./RTOS_STAck/tasks.o
 *(.rodata)
 *(.rodata*)
 .rodata.SwitchesValue
                0x008000b5       0x10 ./Keypad.o
                0x008000b5                SwitchesValue
 *(.gnu.linkonce.d*)
                0x008000c6                . = ALIGN (0x2)
 *fill*         0x008000c5        0x1 00
                0x008000c6                _edata = .
                0x008000c6                PROVIDE (__data_end, .)

.bss            0x008000c6      0x27a
                0x008000c6                PROVIDE (__bss_start, .)
 *(.bss)
 .bss           0x008000c6        0x0 d:/study/1- embedded system/00-tools/03-imt sdk/03- imt sdk/imt_sdk_win_64/winavr/bin/../lib/gcc/avr/4.3.3/../../../../avr/lib/avr5/crtm32.o
 .bss           0x008000c6        0x0 ./RTOS_STAck/croutine.o
 .bss           0x008000c6        0x0 ./RTOS_STAck/heap_1.o
 .bss           0x008000c6        0x0 ./RTOS_STAck/list.o
 .bss           0x008000c6        0x0 ./RTOS_STAck/port.o
 .bss           0x008000c6        0x0 ./RTOS_STAck/queue.o
 .bss           0x008000c6        0x0 ./RTOS_STAck/tasks.o
 .bss           0x008000c6        0x0 ./RTOS_STAck/timers.o
 .bss           0x008000c6        0x0 ./Keypad.o
 .bss           0x008000c6        0x0 ./lcd_programme.o
 .bss           0x008000c6        0x0 ./main.o
 .bss           0x008000c6        0x0 ./programme file.o
 .bss           0x008000c6        0x0 d:/study/1- embedded system/00-tools/03-imt sdk/03- imt sdk/imt_sdk_win_64/winavr/bin/../lib/gcc/avr/4.3.3/avr5\libgcc.a(_divmodhi4.o)
 .bss           0x008000c6        0x0 d:/study/1- embedded system/00-tools/03-imt sdk/03- imt sdk/imt_sdk_win_64/winavr/bin/../lib/gcc/avr/4.3.3/avr5\libgcc.a(_exit.o)
 .bss           0x008000c6        0x0 d:/study/1- embedded system/00-tools/03-imt sdk/03- imt sdk/imt_sdk_win_64/winavr/bin/../lib/gcc/avr/4.3.3/avr5\libgcc.a(_copy_data.o)
 .bss           0x008000c6        0x0 d:/study/1- embedded system/00-tools/03-imt sdk/03- imt sdk/imt_sdk_win_64/winavr/bin/../lib/gcc/avr/4.3.3/avr5\libgcc.a(_clear_bss.o)
 .bss           0x008000c6        0x0 d:/study/1- embedded system/00-tools/03-imt sdk/03- imt sdk/imt_sdk_win_64/winavr/bin/../lib/gcc/avr/4.3.3/avr5\libgcc.a(_fixunssfsi.o)
 .bss           0x008000c6        0x0 d:/study/1- embedded system/00-tools/03-imt sdk/03- imt sdk/imt_sdk_win_64/winavr/bin/../lib/gcc/avr/4.3.3/avr5\libgcc.a(_addsub_sf.o)
 .bss           0x008000c6        0x0 d:/study/1- embedded system/00-tools/03-imt sdk/03- imt sdk/imt_sdk_win_64/winavr/bin/../lib/gcc/avr/4.3.3/avr5\libgcc.a(_mul_sf.o)
 .bss           0x008000c6        0x0 d:/study/1- embedded system/00-tools/03-imt sdk/03- imt sdk/imt_sdk_win_64/winavr/bin/../lib/gcc/avr/4.3.3/avr5\libgcc.a(_div_sf.o)
 .bss           0x008000c6        0x0 d:/study/1- embedded system/00-tools/03-imt sdk/03- imt sdk/imt_sdk_win_64/winavr/bin/../lib/gcc/avr/4.3.3/avr5\libgcc.a(_gt_sf.o)
 .bss           0x008000c6        0x0 d:/study/1- embedded system/00-tools/03-imt sdk/03- imt sdk/imt_sdk_win_64/winavr/bin/../lib/gcc/avr/4.3.3/avr5\libgcc.a(_ge_sf.o)
 .bss           0x008000c6        0x0 d:/study/1- embedded system/00-tools/03-imt sdk/03- imt sdk/imt_sdk_win_64/winavr/bin/../lib/gcc/avr/4.3.3/avr5\libgcc.a(_lt_sf.o)
 .bss           0x008000c6        0x0 d:/study/1- embedded system/00-tools/03-imt sdk/03- imt sdk/imt_sdk_win_64/winavr/bin/../lib/gcc/avr/4.3.3/avr5\libgcc.a(_sf_to_si.o)
 .bss           0x008000c6        0x0 d:/study/1- embedded system/00-tools/03-imt sdk/03- imt sdk/imt_sdk_win_64/winavr/bin/../lib/gcc/avr/4.3.3/avr5\libgcc.a(_thenan_sf.o)
 .bss           0x008000c6        0x0 d:/study/1- embedded system/00-tools/03-imt sdk/03- imt sdk/imt_sdk_win_64/winavr/bin/../lib/gcc/avr/4.3.3/avr5\libgcc.a(_udivmodhi4.o)
 .bss           0x008000c6        0x0 d:/study/1- embedded system/00-tools/03-imt sdk/03- imt sdk/imt_sdk_win_64/winavr/bin/../lib/gcc/avr/4.3.3/avr5\libgcc.a(_prologue.o)
 .bss           0x008000c6        0x0 d:/study/1- embedded system/00-tools/03-imt sdk/03- imt sdk/imt_sdk_win_64/winavr/bin/../lib/gcc/avr/4.3.3/avr5\libgcc.a(_epilogue.o)
 .bss           0x008000c6        0x0 d:/study/1- embedded system/00-tools/03-imt sdk/03- imt sdk/imt_sdk_win_64/winavr/bin/../lib/gcc/avr/4.3.3/avr5\libgcc.a(_pack_sf.o)
 .bss           0x008000c6        0x0 d:/study/1- embedded system/00-tools/03-imt sdk/03- imt sdk/imt_sdk_win_64/winavr/bin/../lib/gcc/avr/4.3.3/avr5\libgcc.a(_unpack_sf.o)
 .bss           0x008000c6        0x0 d:/study/1- embedded system/00-tools/03-imt sdk/03- imt sdk/imt_sdk_win_64/winavr/bin/../lib/gcc/avr/4.3.3/avr5\libgcc.a(_fpcmp_parts_sf.o)
 .bss           0x008000c6        0x0 d:/study/1- embedded system/00-tools/03-imt sdk/03- imt sdk/imt_sdk_win_64/winavr/bin/../lib/gcc/avr/4.3.3/../../../../avr/lib/avr5\libc.a(memcpy.o)
 .bss           0x008000c6        0x0 d:/study/1- embedded system/00-tools/03-imt sdk/03- imt sdk/imt_sdk_win_64/winavr/bin/../lib/gcc/avr/4.3.3/../../../../avr/lib/avr5\libc.a(memset.o)
 .bss           0x008000c6        0x0 d:/study/1- embedded system/00-tools/03-imt sdk/03- imt sdk/imt_sdk_win_64/winavr/bin/../lib/gcc/avr/4.3.3/../../../../avr/lib/avr5\libc.a(strlen.o)
 .bss           0x008000c6        0x0 d:/study/1- embedded system/00-tools/03-imt sdk/03- imt sdk/imt_sdk_win_64/winavr/bin/../lib/gcc/avr/4.3.3/../../../../avr/lib/avr5\libc.a(strncpy.o)
 *(.bss*)
 .bss.pxCurrentCoRoutine
                0x008000c6        0x2 ./RTOS_STAck/croutine.o
                0x008000c6                pxCurrentCoRoutine
 .bss.uxTopCoRoutineReadyPriority
                0x008000c8        0x1 ./RTOS_STAck/croutine.o
 .bss.xCoRoutineTickCount
                0x008000c9        0x2 ./RTOS_STAck/croutine.o
 .bss.xLastTickCount
                0x008000cb        0x2 ./RTOS_STAck/croutine.o
 .bss.xPassedTicks
                0x008000cd        0x2 ./RTOS_STAck/croutine.o
 .bss.pxReadyCoRoutineLists
                0x008000cf       0x12 ./RTOS_STAck/croutine.o
 .bss.xDelayedCoRoutineList1
                0x008000e1        0x9 ./RTOS_STAck/croutine.o
 .bss.xDelayedCoRoutineList2
                0x008000ea        0x9 ./RTOS_STAck/croutine.o
 .bss.pxDelayedCoRoutineList
                0x008000f3        0x2 ./RTOS_STAck/croutine.o
 .bss.pxOverflowDelayedCoRoutineList
                0x008000f5        0x2 ./RTOS_STAck/croutine.o
 .bss.xPendingReadyCoRoutineList
                0x008000f7        0x9 ./RTOS_STAck/croutine.o
 .bss.xNextFreeByte
                0x00800100        0x2 ./RTOS_STAck/heap_1.o
 .bss.xHeap     0x00800102      0x1f4 ./RTOS_STAck/heap_1.o
 .bss.pxCurrentTCB
                0x008002f6        0x2 ./RTOS_STAck/tasks.o
                0x008002f6                pxCurrentTCB
 .bss.uxTasksDeleted
                0x008002f8        0x1 ./RTOS_STAck/tasks.o
 .bss.uxCurrentNumberOfTasks
                0x008002f9        0x1 ./RTOS_STAck/tasks.o
 .bss.xTickCount
                0x008002fa        0x2 ./RTOS_STAck/tasks.o
 .bss.uxTopUsedPriority
                0x008002fc        0x1 ./RTOS_STAck/tasks.o
 .bss.uxTopReadyPriority
                0x008002fd        0x1 ./RTOS_STAck/tasks.o
 .bss.xSchedulerRunning
                0x008002fe        0x1 ./RTOS_STAck/tasks.o
 .bss.uxSchedulerSuspended
                0x008002ff        0x1 ./RTOS_STAck/tasks.o
 .bss.uxMissedTicks
                0x00800300        0x1 ./RTOS_STAck/tasks.o
 .bss.xMissedYield
                0x00800301        0x1 ./RTOS_STAck/tasks.o
 .bss.xNumOfOverflows
                0x00800302        0x1 ./RTOS_STAck/tasks.o
 .bss.uxTaskNumber
                0x00800303        0x1 ./RTOS_STAck/tasks.o
 .bss.pxReadyTasksLists
                0x00800304       0x12 ./RTOS_STAck/tasks.o
 .bss.xDelayedTaskList1
                0x00800316        0x9 ./RTOS_STAck/tasks.o
 .bss.xDelayedTaskList2
                0x0080031f        0x9 ./RTOS_STAck/tasks.o
 .bss.pxDelayedTaskList
                0x00800328        0x2 ./RTOS_STAck/tasks.o
 .bss.pxOverflowDelayedTaskList
                0x0080032a        0x2 ./RTOS_STAck/tasks.o
 .bss.xPendingReadyList
                0x0080032c        0x9 ./RTOS_STAck/tasks.o
 .bss.xTasksWaitingTermination
                0x00800335        0x9 ./RTOS_STAck/tasks.o
 *(COMMON)
 COMMON         0x0080033e        0x2 ./main.o
                0x0080033e                QueueName
                0x00800340                PROVIDE (__bss_end, .)
                0x00004c9e                __data_load_start = LOADADDR (.data)
                0x00004d04                __data_load_end = (__data_load_start + SIZEOF (.data))

.noinit         0x00800340        0x0
                0x00800340                PROVIDE (__noinit_start, .)
 *(.noinit*)
                0x00800340                PROVIDE (__noinit_end, .)
                0x00800340                _end = .
                0x00800340                PROVIDE (__heap_start, .)

.eeprom         0x00810000        0x0
 *(.eeprom*)
                0x00810000                __eeprom_end = .

.fuse
 *(.fuse)
 *(.lfuse)
 *(.hfuse)
 *(.efuse)

.lock
 *(.lock*)

.signature
 *(.signature*)

.stab           0x00000000     0x5ef8
 *(.stab)
 .stab          0x00000000      0xb40 ./RTOS_STAck/croutine.o
 .stab          0x00000b40      0x354 ./RTOS_STAck/heap_1.o
                                0x624 (size before relaxing)
 .stab          0x00000e94      0x474 ./RTOS_STAck/list.o
                                0x750 (size before relaxing)
 .stab          0x00001308      0x840 ./RTOS_STAck/port.o
                                0xb70 (size before relaxing)
 .stab          0x00001b48      0xe94 ./RTOS_STAck/queue.o
                               0x11d0 (size before relaxing)
 .stab          0x000029dc     0x1578 ./RTOS_STAck/tasks.o
                               0x17d0 (size before relaxing)
 .stab          0x00003f54      0x1c8 ./RTOS_STAck/timers.o
                                0x4c8 (size before relaxing)
 .stab          0x0000411c      0x354 ./Keypad.o
                                0x4e0 (size before relaxing)
 .stab          0x00004470      0xd68 ./lcd_programme.o
                                0xf84 (size before relaxing)
 .stab          0x000051d8      0x480 ./main.o
                                0x6d8 (size before relaxing)
 .stab          0x00005658      0x8a0 ./programme file.o
                                0x918 (size before relaxing)

.stabstr        0x00000000     0x383a
 *(.stabstr)
 .stabstr       0x00000000     0x383a ./RTOS_STAck/croutine.o

.stab.excl
 *(.stab.excl)

.stab.exclstr
 *(.stab.exclstr)

.stab.index
 *(.stab.index)

.stab.indexstr
 *(.stab.indexstr)

.comment
 *(.comment)

.debug
 *(.debug)

.line
 *(.line)

.debug_srcinfo
 *(.debug_srcinfo)

.debug_sfnames
 *(.debug_sfnames)

.debug_aranges  0x00000000      0x160
 *(.debug_aranges)
 .debug_aranges
                0x00000000       0x20 d:/study/1- embedded system/00-tools/03-imt sdk/03- imt sdk/imt_sdk_win_64/winavr/bin/../lib/gcc/avr/4.3.3/avr5\libgcc.a(_fixunssfsi.o)
 .debug_aranges
                0x00000020       0x20 d:/study/1- embedded system/00-tools/03-imt sdk/03- imt sdk/imt_sdk_win_64/winavr/bin/../lib/gcc/avr/4.3.3/avr5\libgcc.a(_addsub_sf.o)
 .debug_aranges
                0x00000040       0x20 d:/study/1- embedded system/00-tools/03-imt sdk/03- imt sdk/imt_sdk_win_64/winavr/bin/../lib/gcc/avr/4.3.3/avr5\libgcc.a(_mul_sf.o)
 .debug_aranges
                0x00000060       0x20 d:/study/1- embedded system/00-tools/03-imt sdk/03- imt sdk/imt_sdk_win_64/winavr/bin/../lib/gcc/avr/4.3.3/avr5\libgcc.a(_div_sf.o)
 .debug_aranges
                0x00000080       0x20 d:/study/1- embedded system/00-tools/03-imt sdk/03- imt sdk/imt_sdk_win_64/winavr/bin/../lib/gcc/avr/4.3.3/avr5\libgcc.a(_gt_sf.o)
 .debug_aranges
                0x000000a0       0x20 d:/study/1- embedded system/00-tools/03-imt sdk/03- imt sdk/imt_sdk_win_64/winavr/bin/../lib/gcc/avr/4.3.3/avr5\libgcc.a(_ge_sf.o)
 .debug_aranges
                0x000000c0       0x20 d:/study/1- embedded system/00-tools/03-imt sdk/03- imt sdk/imt_sdk_win_64/winavr/bin/../lib/gcc/avr/4.3.3/avr5\libgcc.a(_lt_sf.o)
 .debug_aranges
                0x000000e0       0x20 d:/study/1- embedded system/00-tools/03-imt sdk/03- imt sdk/imt_sdk_win_64/winavr/bin/../lib/gcc/avr/4.3.3/avr5\libgcc.a(_sf_to_si.o)
 .debug_aranges
                0x00000100       0x20 d:/study/1- embedded system/00-tools/03-imt sdk/03- imt sdk/imt_sdk_win_64/winavr/bin/../lib/gcc/avr/4.3.3/avr5\libgcc.a(_pack_sf.o)
 .debug_aranges
                0x00000120       0x20 d:/study/1- embedded system/00-tools/03-imt sdk/03- imt sdk/imt_sdk_win_64/winavr/bin/../lib/gcc/avr/4.3.3/avr5\libgcc.a(_unpack_sf.o)
 .debug_aranges
                0x00000140       0x20 d:/study/1- embedded system/00-tools/03-imt sdk/03- imt sdk/imt_sdk_win_64/winavr/bin/../lib/gcc/avr/4.3.3/avr5\libgcc.a(_fpcmp_parts_sf.o)

.debug_pubnames
                0x00000000      0x18f
 *(.debug_pubnames)
 .debug_pubnames
                0x00000000       0x23 d:/study/1- embedded system/00-tools/03-imt sdk/03- imt sdk/imt_sdk_win_64/winavr/bin/../lib/gcc/avr/4.3.3/avr5\libgcc.a(_fixunssfsi.o)
 .debug_pubnames
                0x00000023       0x2c d:/study/1- embedded system/00-tools/03-imt sdk/03- imt sdk/imt_sdk_win_64/winavr/bin/../lib/gcc/avr/4.3.3/avr5\libgcc.a(_addsub_sf.o)
 .debug_pubnames
                0x0000004f       0x1f d:/study/1- embedded system/00-tools/03-imt sdk/03- imt sdk/imt_sdk_win_64/winavr/bin/../lib/gcc/avr/4.3.3/avr5\libgcc.a(_mul_sf.o)
 .debug_pubnames
                0x0000006e       0x1f d:/study/1- embedded system/00-tools/03-imt sdk/03- imt sdk/imt_sdk_win_64/winavr/bin/../lib/gcc/avr/4.3.3/avr5\libgcc.a(_div_sf.o)
 .debug_pubnames
                0x0000008d       0x1e d:/study/1- embedded system/00-tools/03-imt sdk/03- imt sdk/imt_sdk_win_64/winavr/bin/../lib/gcc/avr/4.3.3/avr5\libgcc.a(_gt_sf.o)
 .debug_pubnames
                0x000000ab       0x1e d:/study/1- embedded system/00-tools/03-imt sdk/03- imt sdk/imt_sdk_win_64/winavr/bin/../lib/gcc/avr/4.3.3/avr5\libgcc.a(_ge_sf.o)
 .debug_pubnames
                0x000000c9       0x1e d:/study/1- embedded system/00-tools/03-imt sdk/03- imt sdk/imt_sdk_win_64/winavr/bin/../lib/gcc/avr/4.3.3/avr5\libgcc.a(_lt_sf.o)
 .debug_pubnames
                0x000000e7       0x20 d:/study/1- embedded system/00-tools/03-imt sdk/03- imt sdk/imt_sdk_win_64/winavr/bin/../lib/gcc/avr/4.3.3/avr5\libgcc.a(_sf_to_si.o)
 .debug_pubnames
                0x00000107       0x22 d:/study/1- embedded system/00-tools/03-imt sdk/03- imt sdk/imt_sdk_win_64/winavr/bin/../lib/gcc/avr/4.3.3/avr5\libgcc.a(_thenan_sf.o)
 .debug_pubnames
                0x00000129       0x1f d:/study/1- embedded system/00-tools/03-imt sdk/03- imt sdk/imt_sdk_win_64/winavr/bin/../lib/gcc/avr/4.3.3/avr5\libgcc.a(_pack_sf.o)
 .debug_pubnames
                0x00000148       0x21 d:/study/1- embedded system/00-tools/03-imt sdk/03- imt sdk/imt_sdk_win_64/winavr/bin/../lib/gcc/avr/4.3.3/avr5\libgcc.a(_unpack_sf.o)
 .debug_pubnames
                0x00000169       0x26 d:/study/1- embedded system/00-tools/03-imt sdk/03- imt sdk/imt_sdk_win_64/winavr/bin/../lib/gcc/avr/4.3.3/avr5\libgcc.a(_fpcmp_parts_sf.o)

.debug_info     0x00000000     0x2045
 *(.debug_info)
 .debug_info    0x00000000       0xb1 d:/study/1- embedded system/00-tools/03-imt sdk/03- imt sdk/imt_sdk_win_64/winavr/bin/../lib/gcc/avr/4.3.3/avr5\libgcc.a(_fixunssfsi.o)
 .debug_info    0x000000b1      0x47a d:/study/1- embedded system/00-tools/03-imt sdk/03- imt sdk/imt_sdk_win_64/winavr/bin/../lib/gcc/avr/4.3.3/avr5\libgcc.a(_addsub_sf.o)
 .debug_info    0x0000052b      0x485 d:/study/1- embedded system/00-tools/03-imt sdk/03- imt sdk/imt_sdk_win_64/winavr/bin/../lib/gcc/avr/4.3.3/avr5\libgcc.a(_mul_sf.o)
 .debug_info    0x000009b0      0x3fc d:/study/1- embedded system/00-tools/03-imt sdk/03- imt sdk/imt_sdk_win_64/winavr/bin/../lib/gcc/avr/4.3.3/avr5\libgcc.a(_div_sf.o)
 .debug_info    0x00000dac      0x27f d:/study/1- embedded system/00-tools/03-imt sdk/03- imt sdk/imt_sdk_win_64/winavr/bin/../lib/gcc/avr/4.3.3/avr5\libgcc.a(_gt_sf.o)
 .debug_info    0x0000102b      0x27f d:/study/1- embedded system/00-tools/03-imt sdk/03- imt sdk/imt_sdk_win_64/winavr/bin/../lib/gcc/avr/4.3.3/avr5\libgcc.a(_ge_sf.o)
 .debug_info    0x000012aa      0x27f d:/study/1- embedded system/00-tools/03-imt sdk/03- imt sdk/imt_sdk_win_64/winavr/bin/../lib/gcc/avr/4.3.3/avr5\libgcc.a(_lt_sf.o)
 .debug_info    0x00001529      0x2b0 d:/study/1- embedded system/00-tools/03-imt sdk/03- imt sdk/imt_sdk_win_64/winavr/bin/../lib/gcc/avr/4.3.3/avr5\libgcc.a(_sf_to_si.o)
 .debug_info    0x000017d9      0x12c d:/study/1- embedded system/00-tools/03-imt sdk/03- imt sdk/imt_sdk_win_64/winavr/bin/../lib/gcc/avr/4.3.3/avr5\libgcc.a(_thenan_sf.o)
 .debug_info    0x00001905      0x2df d:/study/1- embedded system/00-tools/03-imt sdk/03- imt sdk/imt_sdk_win_64/winavr/bin/../lib/gcc/avr/4.3.3/avr5\libgcc.a(_pack_sf.o)
 .debug_info    0x00001be4      0x251 d:/study/1- embedded system/00-tools/03-imt sdk/03- imt sdk/imt_sdk_win_64/winavr/bin/../lib/gcc/avr/4.3.3/avr5\libgcc.a(_unpack_sf.o)
 .debug_info    0x00001e35      0x210 d:/study/1- embedded system/00-tools/03-imt sdk/03- imt sdk/imt_sdk_win_64/winavr/bin/../lib/gcc/avr/4.3.3/avr5\libgcc.a(_fpcmp_parts_sf.o)
 *(.gnu.linkonce.wi.*)

.debug_abbrev   0x00000000     0x1101
 *(.debug_abbrev)
 .debug_abbrev  0x00000000       0x5d d:/study/1- embedded system/00-tools/03-imt sdk/03- imt sdk/imt_sdk_win_64/winavr/bin/../lib/gcc/avr/4.3.3/avr5\libgcc.a(_fixunssfsi.o)
 .debug_abbrev  0x0000005d      0x1ea d:/study/1- embedded system/00-tools/03-imt sdk/03- imt sdk/imt_sdk_win_64/winavr/bin/../lib/gcc/avr/4.3.3/avr5\libgcc.a(_addsub_sf.o)
 .debug_abbrev  0x00000247      0x21b d:/study/1- embedded system/00-tools/03-imt sdk/03- imt sdk/imt_sdk_win_64/winavr/bin/../lib/gcc/avr/4.3.3/avr5\libgcc.a(_mul_sf.o)
 .debug_abbrev  0x00000462      0x216 d:/study/1- embedded system/00-tools/03-imt sdk/03- imt sdk/imt_sdk_win_64/winavr/bin/../lib/gcc/avr/4.3.3/avr5\libgcc.a(_div_sf.o)
 .debug_abbrev  0x00000678      0x15a d:/study/1- embedded system/00-tools/03-imt sdk/03- imt sdk/imt_sdk_win_64/winavr/bin/../lib/gcc/avr/4.3.3/avr5\libgcc.a(_gt_sf.o)
 .debug_abbrev  0x000007d2      0x15a d:/study/1- embedded system/00-tools/03-imt sdk/03- imt sdk/imt_sdk_win_64/winavr/bin/../lib/gcc/avr/4.3.3/avr5\libgcc.a(_ge_sf.o)
 .debug_abbrev  0x0000092c      0x15a d:/study/1- embedded system/00-tools/03-imt sdk/03- imt sdk/imt_sdk_win_64/winavr/bin/../lib/gcc/avr/4.3.3/avr5\libgcc.a(_lt_sf.o)
 .debug_abbrev  0x00000a86      0x17f d:/study/1- embedded system/00-tools/03-imt sdk/03- imt sdk/imt_sdk_win_64/winavr/bin/../lib/gcc/avr/4.3.3/avr5\libgcc.a(_sf_to_si.o)
 .debug_abbrev  0x00000c05       0xad d:/study/1- embedded system/00-tools/03-imt sdk/03- imt sdk/imt_sdk_win_64/winavr/bin/../lib/gcc/avr/4.3.3/avr5\libgcc.a(_thenan_sf.o)
 .debug_abbrev  0x00000cb2      0x1c0 d:/study/1- embedded system/00-tools/03-imt sdk/03- imt sdk/imt_sdk_win_64/winavr/bin/../lib/gcc/avr/4.3.3/avr5\libgcc.a(_pack_sf.o)
 .debug_abbrev  0x00000e72      0x154 d:/study/1- embedded system/00-tools/03-imt sdk/03- imt sdk/imt_sdk_win_64/winavr/bin/../lib/gcc/avr/4.3.3/avr5\libgcc.a(_unpack_sf.o)
 .debug_abbrev  0x00000fc6      0x13b d:/study/1- embedded system/00-tools/03-imt sdk/03- imt sdk/imt_sdk_win_64/winavr/bin/../lib/gcc/avr/4.3.3/avr5\libgcc.a(_fpcmp_parts_sf.o)

.debug_line     0x00000000      0xf82
 *(.debug_line)
 .debug_line    0x00000000       0xa7 d:/study/1- embedded system/00-tools/03-imt sdk/03- imt sdk/imt_sdk_win_64/winavr/bin/../lib/gcc/avr/4.3.3/avr5\libgcc.a(_fixunssfsi.o)
 .debug_line    0x000000a7      0x2af d:/study/1- embedded system/00-tools/03-imt sdk/03- imt sdk/imt_sdk_win_64/winavr/bin/../lib/gcc/avr/4.3.3/avr5\libgcc.a(_addsub_sf.o)
 .debug_line    0x00000356      0x239 d:/study/1- embedded system/00-tools/03-imt sdk/03- imt sdk/imt_sdk_win_64/winavr/bin/../lib/gcc/avr/4.3.3/avr5\libgcc.a(_mul_sf.o)
 .debug_line    0x0000058f      0x1d5 d:/study/1- embedded system/00-tools/03-imt sdk/03- imt sdk/imt_sdk_win_64/winavr/bin/../lib/gcc/avr/4.3.3/avr5\libgcc.a(_div_sf.o)
 .debug_line    0x00000764       0xd3 d:/study/1- embedded system/00-tools/03-imt sdk/03- imt sdk/imt_sdk_win_64/winavr/bin/../lib/gcc/avr/4.3.3/avr5\libgcc.a(_gt_sf.o)
 .debug_line    0x00000837       0xd3 d:/study/1- embedded system/00-tools/03-imt sdk/03- imt sdk/imt_sdk_win_64/winavr/bin/../lib/gcc/avr/4.3.3/avr5\libgcc.a(_ge_sf.o)
 .debug_line    0x0000090a       0xd3 d:/study/1- embedded system/00-tools/03-imt sdk/03- imt sdk/imt_sdk_win_64/winavr/bin/../lib/gcc/avr/4.3.3/avr5\libgcc.a(_lt_sf.o)
 .debug_line    0x000009dd      0x109 d:/study/1- embedded system/00-tools/03-imt sdk/03- imt sdk/imt_sdk_win_64/winavr/bin/../lib/gcc/avr/4.3.3/avr5\libgcc.a(_sf_to_si.o)
 .debug_line    0x00000ae6       0x90 d:/study/1- embedded system/00-tools/03-imt sdk/03- imt sdk/imt_sdk_win_64/winavr/bin/../lib/gcc/avr/4.3.3/avr5\libgcc.a(_thenan_sf.o)
 .debug_line    0x00000b76      0x18a d:/study/1- embedded system/00-tools/03-imt sdk/03- imt sdk/imt_sdk_win_64/winavr/bin/../lib/gcc/avr/4.3.3/avr5\libgcc.a(_pack_sf.o)
 .debug_line    0x00000d00      0x14b d:/study/1- embedded system/00-tools/03-imt sdk/03- imt sdk/imt_sdk_win_64/winavr/bin/../lib/gcc/avr/4.3.3/avr5\libgcc.a(_unpack_sf.o)
 .debug_line    0x00000e4b      0x137 d:/study/1- embedded system/00-tools/03-imt sdk/03- imt sdk/imt_sdk_win_64/winavr/bin/../lib/gcc/avr/4.3.3/avr5\libgcc.a(_fpcmp_parts_sf.o)

.debug_frame    0x00000000      0x180
 *(.debug_frame)
 .debug_frame   0x00000000       0x20 d:/study/1- embedded system/00-tools/03-imt sdk/03- imt sdk/imt_sdk_win_64/winavr/bin/../lib/gcc/avr/4.3.3/avr5\libgcc.a(_fixunssfsi.o)
 .debug_frame   0x00000020       0x40 d:/study/1- embedded system/00-tools/03-imt sdk/03- imt sdk/imt_sdk_win_64/winavr/bin/../lib/gcc/avr/4.3.3/avr5\libgcc.a(_addsub_sf.o)
 .debug_frame   0x00000060       0x20 d:/study/1- embedded system/00-tools/03-imt sdk/03- imt sdk/imt_sdk_win_64/winavr/bin/../lib/gcc/avr/4.3.3/avr5\libgcc.a(_mul_sf.o)
 .debug_frame   0x00000080       0x20 d:/study/1- embedded system/00-tools/03-imt sdk/03- imt sdk/imt_sdk_win_64/winavr/bin/../lib/gcc/avr/4.3.3/avr5\libgcc.a(_div_sf.o)
 .debug_frame   0x000000a0       0x20 d:/study/1- embedded system/00-tools/03-imt sdk/03- imt sdk/imt_sdk_win_64/winavr/bin/../lib/gcc/avr/4.3.3/avr5\libgcc.a(_gt_sf.o)
 .debug_frame   0x000000c0       0x20 d:/study/1- embedded system/00-tools/03-imt sdk/03- imt sdk/imt_sdk_win_64/winavr/bin/../lib/gcc/avr/4.3.3/avr5\libgcc.a(_ge_sf.o)
 .debug_frame   0x000000e0       0x20 d:/study/1- embedded system/00-tools/03-imt sdk/03- imt sdk/imt_sdk_win_64/winavr/bin/../lib/gcc/avr/4.3.3/avr5\libgcc.a(_lt_sf.o)
 .debug_frame   0x00000100       0x20 d:/study/1- embedded system/00-tools/03-imt sdk/03- imt sdk/imt_sdk_win_64/winavr/bin/../lib/gcc/avr/4.3.3/avr5\libgcc.a(_sf_to_si.o)
 .debug_frame   0x00000120       0x20 d:/study/1- embedded system/00-tools/03-imt sdk/03- imt sdk/imt_sdk_win_64/winavr/bin/../lib/gcc/avr/4.3.3/avr5\libgcc.a(_pack_sf.o)
 .debug_frame   0x00000140       0x20 d:/study/1- embedded system/00-tools/03-imt sdk/03- imt sdk/imt_sdk_win_64/winavr/bin/../lib/gcc/avr/4.3.3/avr5\libgcc.a(_unpack_sf.o)
 .debug_frame   0x00000160       0x20 d:/study/1- embedded system/00-tools/03-imt sdk/03- imt sdk/imt_sdk_win_64/winavr/bin/../lib/gcc/avr/4.3.3/avr5\libgcc.a(_fpcmp_parts_sf.o)

.debug_str      0x00000000      0x2c2
 *(.debug_str)
 .debug_str     0x00000000       0xbf d:/study/1- embedded system/00-tools/03-imt sdk/03- imt sdk/imt_sdk_win_64/winavr/bin/../lib/gcc/avr/4.3.3/avr5\libgcc.a(_fixunssfsi.o)
                                 0xfe (size before relaxing)
 .debug_str     0x000000bf      0x14d d:/study/1- embedded system/00-tools/03-imt sdk/03- imt sdk/imt_sdk_win_64/winavr/bin/../lib/gcc/avr/4.3.3/avr5\libgcc.a(_addsub_sf.o)
                                0x206 (size before relaxing)
 .debug_str     0x0000020c       0x27 d:/study/1- embedded system/00-tools/03-imt sdk/03- imt sdk/imt_sdk_win_64/winavr/bin/../lib/gcc/avr/4.3.3/avr5\libgcc.a(_mul_sf.o)
                                0x1bf (size before relaxing)
 .debug_str     0x00000233       0x35 d:/study/1- embedded system/00-tools/03-imt sdk/03- imt sdk/imt_sdk_win_64/winavr/bin/../lib/gcc/avr/4.3.3/avr5\libgcc.a(_div_sf.o)
                                0x1c8 (size before relaxing)
 .debug_str     0x00000268        0xf d:/study/1- embedded system/00-tools/03-imt sdk/03- imt sdk/imt_sdk_win_64/winavr/bin/../lib/gcc/avr/4.3.3/avr5\libgcc.a(_gt_sf.o)
                                0x195 (size before relaxing)
 .debug_str     0x00000277        0x8 d:/study/1- embedded system/00-tools/03-imt sdk/03- imt sdk/imt_sdk_win_64/winavr/bin/../lib/gcc/avr/4.3.3/avr5\libgcc.a(_ge_sf.o)
                                0x195 (size before relaxing)
 .debug_str     0x0000027f        0x8 d:/study/1- embedded system/00-tools/03-imt sdk/03- imt sdk/imt_sdk_win_64/winavr/bin/../lib/gcc/avr/4.3.3/avr5\libgcc.a(_lt_sf.o)
                                0x195 (size before relaxing)
 .debug_str     0x00000287        0xa d:/study/1- embedded system/00-tools/03-imt sdk/03- imt sdk/imt_sdk_win_64/winavr/bin/../lib/gcc/avr/4.3.3/avr5\libgcc.a(_sf_to_si.o)
                                0x19e (size before relaxing)
 .debug_str     0x00000000      0x103 d:/study/1- embedded system/00-tools/03-imt sdk/03- imt sdk/imt_sdk_win_64/winavr/bin/../lib/gcc/avr/4.3.3/avr5\libgcc.a(_thenan_sf.o)
 .debug_str     0x00000291       0x16 d:/study/1- embedded system/00-tools/03-imt sdk/03- imt sdk/imt_sdk_win_64/winavr/bin/../lib/gcc/avr/4.3.3/avr5\libgcc.a(_pack_sf.o)
                                0x19d (size before relaxing)
 .debug_str     0x000002a7        0xb d:/study/1- embedded system/00-tools/03-imt sdk/03- imt sdk/imt_sdk_win_64/winavr/bin/../lib/gcc/avr/4.3.3/avr5\libgcc.a(_unpack_sf.o)
                                0x17f (size before relaxing)
 .debug_str     0x000002b2       0x10 d:/study/1- embedded system/00-tools/03-imt sdk/03- imt sdk/imt_sdk_win_64/winavr/bin/../lib/gcc/avr/4.3.3/avr5\libgcc.a(_fpcmp_parts_sf.o)
                                0x163 (size before relaxing)

.debug_loc      0x00000000      0x88e
 *(.debug_loc)
 .debug_loc     0x00000000       0x34 d:/study/1- embedded system/00-tools/03-imt sdk/03- imt sdk/imt_sdk_win_64/winavr/bin/../lib/gcc/avr/4.3.3/avr5\libgcc.a(_fixunssfsi.o)
 .debug_loc     0x00000034      0x32a d:/study/1- embedded system/00-tools/03-imt sdk/03- imt sdk/imt_sdk_win_64/winavr/bin/../lib/gcc/avr/4.3.3/avr5\libgcc.a(_addsub_sf.o)
 .debug_loc     0x0000035e      0x104 d:/study/1- embedded system/00-tools/03-imt sdk/03- imt sdk/imt_sdk_win_64/winavr/bin/../lib/gcc/avr/4.3.3/avr5\libgcc.a(_mul_sf.o)
 .debug_loc     0x00000462       0xc0 d:/study/1- embedded system/00-tools/03-imt sdk/03- imt sdk/imt_sdk_win_64/winavr/bin/../lib/gcc/avr/4.3.3/avr5\libgcc.a(_div_sf.o)
 .debug_loc     0x00000522       0x3c d:/study/1- embedded system/00-tools/03-imt sdk/03- imt sdk/imt_sdk_win_64/winavr/bin/../lib/gcc/avr/4.3.3/avr5\libgcc.a(_gt_sf.o)
 .debug_loc     0x0000055e       0x3c d:/study/1- embedded system/00-tools/03-imt sdk/03- imt sdk/imt_sdk_win_64/winavr/bin/../lib/gcc/avr/4.3.3/avr5\libgcc.a(_ge_sf.o)
 .debug_loc     0x0000059a       0x3c d:/study/1- embedded system/00-tools/03-imt sdk/03- imt sdk/imt_sdk_win_64/winavr/bin/../lib/gcc/avr/4.3.3/avr5\libgcc.a(_lt_sf.o)
 .debug_loc     0x000005d6       0x7e d:/study/1- embedded system/00-tools/03-imt sdk/03- imt sdk/imt_sdk_win_64/winavr/bin/../lib/gcc/avr/4.3.3/avr5\libgcc.a(_sf_to_si.o)
 .debug_loc     0x00000654      0x13e d:/study/1- embedded system/00-tools/03-imt sdk/03- imt sdk/imt_sdk_win_64/winavr/bin/../lib/gcc/avr/4.3.3/avr5\libgcc.a(_pack_sf.o)
 .debug_loc     0x00000792       0xac d:/study/1- embedded system/00-tools/03-imt sdk/03- imt sdk/imt_sdk_win_64/winavr/bin/../lib/gcc/avr/4.3.3/avr5\libgcc.a(_unpack_sf.o)
 .debug_loc     0x0000083e       0x50 d:/study/1- embedded system/00-tools/03-imt sdk/03- imt sdk/imt_sdk_win_64/winavr/bin/../lib/gcc/avr/4.3.3/avr5\libgcc.a(_fpcmp_parts_sf.o)

.debug_macinfo
 *(.debug_macinfo)
OUTPUT(ITIDARTOSSession2.elf elf32-avr)
LOAD linker stubs

.debug_ranges   0x00000000       0x50
 .debug_ranges  0x00000000       0x50 d:/study/1- embedded system/00-tools/03-imt sdk/03- imt sdk/imt_sdk_win_64/winavr/bin/../lib/gcc/avr/4.3.3/avr5\libgcc.a(_mul_sf.o)
